mode: set
anti-food-waste2.0/int/handlers/handlers.go:14.37,16.49 2 1
anti-food-waste2.0/int/handlers/handlers.go:16.49,19.3 2 0
anti-food-waste2.0/int/handlers/handlers.go:21.2,22.16 2 1
anti-food-waste2.0/int/handlers/handlers.go:22.16,25.3 2 0
anti-food-waste2.0/int/handlers/handlers.go:26.2,28.51 2 1
anti-food-waste2.0/int/handlers/handlers.go:28.51,31.3 2 0
anti-food-waste2.0/int/handlers/handlers.go:32.2,33.35 2 1
anti-food-waste2.0/int/handlers/handlers.go:36.34,40.2 3 1
anti-food-waste2.0/int/handlers/handlers.go:42.37,44.49 2 1
anti-food-waste2.0/int/handlers/handlers.go:44.49,47.3 2 0
anti-food-waste2.0/int/handlers/handlers.go:49.2,50.16 2 1
anti-food-waste2.0/int/handlers/handlers.go:50.16,53.3 2 0
anti-food-waste2.0/int/handlers/handlers.go:54.2,56.51 2 1
anti-food-waste2.0/int/handlers/handlers.go:56.51,59.3 2 0
anti-food-waste2.0/int/handlers/handlers.go:60.2,61.35 2 1
anti-food-waste2.0/int/handlers/handlers.go:64.35,68.2 3 1
anti-food-waste2.0/int/handlers/handlers.go:70.34,72.49 2 1
anti-food-waste2.0/int/handlers/handlers.go:72.49,75.3 2 0
anti-food-waste2.0/int/handlers/handlers.go:77.2,78.16 2 1
anti-food-waste2.0/int/handlers/handlers.go:78.16,81.3 2 0
anti-food-waste2.0/int/handlers/handlers.go:82.2,84.51 2 1
anti-food-waste2.0/int/handlers/handlers.go:84.51,87.3 2 0
anti-food-waste2.0/int/handlers/handlers.go:88.2,89.35 2 1
anti-food-waste2.0/int/handlers/handlers.go:92.32,96.2 3 1
anti-food-waste2.0/int/handlers/handlers.go:98.40,100.49 2 1
anti-food-waste2.0/int/handlers/handlers.go:100.49,103.3 2 0
anti-food-waste2.0/int/handlers/handlers.go:104.2,106.51 2 1
anti-food-waste2.0/int/handlers/handlers.go:106.51,109.3 2 0
anti-food-waste2.0/int/handlers/handlers.go:110.2,110.35 1 1
anti-food-waste2.0/int/handlers/handlers.go:113.38,117.2 3 1
anti-food-waste2.0/int/handlers/handlers.go:119.36,121.49 2 1
anti-food-waste2.0/int/handlers/handlers.go:121.49,124.3 2 0
anti-food-waste2.0/int/handlers/handlers.go:125.2,127.51 2 1
anti-food-waste2.0/int/handlers/handlers.go:127.51,130.3 2 0
anti-food-waste2.0/int/handlers/handlers.go:131.2,131.35 1 1
anti-food-waste2.0/int/handlers/handlers.go:134.34,139.70 2 1
anti-food-waste2.0/int/handlers/handlers.go:139.70,142.3 2 0
anti-food-waste2.0/int/handlers/handlers.go:144.2,145.135 2 1
anti-food-waste2.0/int/handlers/handlers.go:145.135,148.3 2 0
anti-food-waste2.0/int/handlers/handlers.go:150.2,150.33 1 1
anti-food-waste2.0/int/handlers/handlers.go:153.36,155.49 2 1
anti-food-waste2.0/int/handlers/handlers.go:155.49,158.3 2 0
anti-food-waste2.0/int/handlers/handlers.go:160.2,161.24 2 1
anti-food-waste2.0/int/handlers/handlers.go:161.24,163.3 1 1
anti-food-waste2.0/int/handlers/handlers.go:165.2,165.51 1 1
anti-food-waste2.0/int/handlers/handlers.go:165.51,168.3 2 0
anti-food-waste2.0/int/handlers/handlers.go:169.2,169.35 1 1
anti-food-waste2.0/int/handlers/handlers.go:172.34,176.2 3 1
anti-food-waste2.0/int/handlers/handlers.go:178.37,180.88 2 1
anti-food-waste2.0/int/handlers/handlers.go:180.88,183.3 2 0
anti-food-waste2.0/int/handlers/handlers.go:184.2,184.70 1 1
anti-food-waste2.0/int/handlers/handlers.go:187.38,191.2 3 0
anti-food-waste2.0/int/handlers/handlers.go:193.37,195.91 2 1
anti-food-waste2.0/int/handlers/handlers.go:195.91,198.3 2 0
anti-food-waste2.0/int/handlers/handlers.go:199.2,199.70 1 1
anti-food-waste2.0/int/handlers/handlers.go:202.38,206.2 3 0
anti-food-waste2.0/int/handlers/handlers.go:208.36,210.89 2 1
anti-food-waste2.0/int/handlers/handlers.go:210.89,213.3 2 0
anti-food-waste2.0/int/handlers/handlers.go:214.2,214.69 1 1
anti-food-waste2.0/int/handlers/handlers.go:217.36,220.49 3 1
anti-food-waste2.0/int/handlers/handlers.go:220.49,223.3 2 0
anti-food-waste2.0/int/handlers/handlers.go:224.2,224.103 1 1
anti-food-waste2.0/int/handlers/handlers.go:224.103,227.3 2 0
anti-food-waste2.0/int/handlers/handlers.go:228.2,228.72 1 1
anti-food-waste2.0/int/handlers/handlers.go:231.36,233.89 2 1
anti-food-waste2.0/int/handlers/handlers.go:233.89,236.3 2 0
anti-food-waste2.0/int/handlers/handlers.go:237.2,237.69 1 1
anti-food-waste2.0/int/handlers/handlers.go:240.37,244.2 3 0
anti-food-waste2.0/int/handlers/handlers.go:246.40,248.97 2 1
anti-food-waste2.0/int/handlers/handlers.go:248.97,251.3 2 0
anti-food-waste2.0/int/handlers/handlers.go:252.2,252.73 1 1
anti-food-waste2.0/int/handlers/handlers.go:255.41,259.2 3 0
anti-food-waste2.0/int/handlers/handlers.go:261.37,264.49 3 1
anti-food-waste2.0/int/handlers/handlers.go:264.49,267.3 2 0
anti-food-waste2.0/int/handlers/handlers.go:268.2,268.102 1 1
anti-food-waste2.0/int/handlers/handlers.go:268.102,271.3 2 0
anti-food-waste2.0/int/handlers/handlers.go:272.2,272.73 1 1
anti-food-waste2.0/int/handlers/handlers.go:275.37,278.49 3 1
anti-food-waste2.0/int/handlers/handlers.go:278.49,281.3 2 0
anti-food-waste2.0/int/handlers/handlers.go:282.2,282.105 1 1
anti-food-waste2.0/int/handlers/handlers.go:282.105,285.3 2 0
anti-food-waste2.0/int/handlers/handlers.go:286.2,286.73 1 1
anti-food-waste2.0/int/handlers/handlers.go:289.36,292.49 3 1
anti-food-waste2.0/int/handlers/handlers.go:292.49,295.3 2 0
anti-food-waste2.0/int/handlers/handlers.go:296.2,296.103 1 1
anti-food-waste2.0/int/handlers/handlers.go:296.103,299.3 2 0
anti-food-waste2.0/int/handlers/handlers.go:300.2,300.72 1 1
anti-food-waste2.0/int/handlers/handlers.go:303.40,306.49 3 1
anti-food-waste2.0/int/handlers/handlers.go:306.49,309.3 2 0
anti-food-waste2.0/int/handlers/handlers.go:310.2,310.111 1 1
anti-food-waste2.0/int/handlers/handlers.go:310.111,313.3 2 0
anti-food-waste2.0/int/handlers/handlers.go:314.2,314.76 1 1
anti-food-waste2.0/int/handlers/handlers.go:318.36,323.49 2 1
anti-food-waste2.0/int/handlers/handlers.go:323.49,326.3 2 0
anti-food-waste2.0/int/handlers/handlers.go:328.2,329.94 2 1
anti-food-waste2.0/int/handlers/handlers.go:329.94,332.3 2 1
anti-food-waste2.0/int/handlers/handlers.go:334.2,334.105 1 1
anti-food-waste2.0/int/handlers/handlers.go:334.105,337.3 2 1
anti-food-waste2.0/int/handlers/handlers.go:340.2,341.16 2 1
anti-food-waste2.0/int/handlers/handlers.go:341.16,344.3 2 0
anti-food-waste2.0/int/handlers/handlers.go:346.2,355.4 1 1
anti-food-waste2.0/int/handlers/handlers.go:359.36,364.49 2 1
anti-food-waste2.0/int/handlers/handlers.go:364.49,367.3 2 0
anti-food-waste2.0/int/handlers/handlers.go:369.2,370.94 2 1
anti-food-waste2.0/int/handlers/handlers.go:370.94,373.3 2 1
anti-food-waste2.0/int/handlers/handlers.go:375.2,375.105 1 1
anti-food-waste2.0/int/handlers/handlers.go:375.105,378.3 2 1
anti-food-waste2.0/int/handlers/handlers.go:381.2,382.16 2 1
anti-food-waste2.0/int/handlers/handlers.go:382.16,385.3 2 0
anti-food-waste2.0/int/handlers/handlers.go:387.2,396.4 1 1
anti-food-waste2.0/int/handlers/handlers.go:400.33,405.49 2 1
anti-food-waste2.0/int/handlers/handlers.go:405.49,408.3 2 1
anti-food-waste2.0/int/handlers/handlers.go:410.2,411.88 2 1
anti-food-waste2.0/int/handlers/handlers.go:411.88,414.3 2 0
anti-food-waste2.0/int/handlers/handlers.go:416.2,416.102 1 1
anti-food-waste2.0/int/handlers/handlers.go:416.102,419.3 2 1
anti-food-waste2.0/int/handlers/handlers.go:422.2,423.16 2 1
anti-food-waste2.0/int/handlers/handlers.go:423.16,426.3 2 0
anti-food-waste2.0/int/handlers/handlers.go:428.2,437.4 1 1
anti-food-waste2.0/int/handlers/jwt.go:19.67,36.16 5 1
anti-food-waste2.0/int/handlers/jwt.go:36.16,38.3 1 0
anti-food-waste2.0/int/handlers/jwt.go:40.2,40.25 1 1
anti-food-waste2.0/int/handlers/jwt.go:44.58,47.107 2 1
anti-food-waste2.0/int/handlers/jwt.go:47.107,48.58 1 1
anti-food-waste2.0/int/handlers/jwt.go:48.58,50.4 1 0
anti-food-waste2.0/int/handlers/jwt.go:51.3,51.24 1 1
anti-food-waste2.0/int/handlers/jwt.go:54.2,54.16 1 1
anti-food-waste2.0/int/handlers/jwt.go:54.16,56.3 1 1
anti-food-waste2.0/int/handlers/jwt.go:58.2,58.64 1 1
anti-food-waste2.0/int/handlers/jwt.go:58.64,60.3 1 1
anti-food-waste2.0/int/handlers/jwt.go:62.2,62.67 1 0
anti-food-waste2.0/int/handlers/middleware.go:8.64,9.30 1 1
anti-food-waste2.0/int/handlers/middleware.go:9.30,11.23 2 1
anti-food-waste2.0/int/handlers/middleware.go:11.23,15.4 3 1
anti-food-waste2.0/int/handlers/middleware.go:18.3,20.46 3 1
anti-food-waste2.0/int/handlers/middleware.go:20.46,22.4 1 1
anti-food-waste2.0/int/handlers/middleware.go:22.9,24.4 1 0
anti-food-waste2.0/int/handlers/middleware.go:26.3,27.17 2 1
anti-food-waste2.0/int/handlers/middleware.go:27.17,31.4 3 1
anti-food-waste2.0/int/handlers/middleware.go:34.3,40.28 5 1
anti-food-waste2.0/int/handlers/middleware.go:40.28,42.45 2 1
anti-food-waste2.0/int/handlers/middleware.go:42.45,43.68 1 1
anti-food-waste2.0/int/handlers/middleware.go:43.68,45.11 2 1
anti-food-waste2.0/int/handlers/middleware.go:49.4,49.19 1 1
anti-food-waste2.0/int/handlers/middleware.go:49.19,53.5 3 1
anti-food-waste2.0/int/handlers/middleware.go:56.3,56.11 1 1
anti-food-waste2.0/int/handlers/route.go:6.33,7.40 1 1
anti-food-waste2.0/int/handlers/route.go:7.40,9.3 1 1
anti-food-waste2.0/int/handlers/route.go:12.2,55.88 26 1
